SQL> -- Generated by Oracle SQL Developer Data Modeler 21.4.1.349.1605
SQL> --   at:        2022-04-27 21:38:42 MYT
SQL> --   site:      Oracle Database 12c
SQL> --   type:      Oracle Database 12c
SQL> 
SQL> DROP TABLE cabin CASCADE CONSTRAINTS;

Table CABIN dropped.

SQL> 
SQL> DROP TABLE country CASCADE CONSTRAINTS;

Table COUNTRY dropped.

SQL> 
SQL> DROP TABLE cruise CASCADE CONSTRAINTS;

Table CRUISE dropped.

SQL> 
SQL> DROP TABLE cruise_port CASCADE CONSTRAINTS;

Table CRUISE_PORT dropped.

SQL> 
SQL> DROP TABLE language CASCADE CONSTRAINTS;

Table LANGUAGE dropped.

SQL> 
SQL> DROP TABLE manifest CASCADE CONSTRAINTS;

Table MANIFEST dropped.

SQL> 
SQL> DROP TABLE operator CASCADE CONSTRAINTS;

Table OPERATOR dropped.

SQL> 
SQL> DROP TABLE passenger CASCADE CONSTRAINTS;

Table PASSENGER dropped.

SQL> 
SQL> DROP TABLE passenger_addr CASCADE CONSTRAINTS;

Table PASSENGER_ADDR dropped.

SQL> 
SQL> DROP TABLE port CASCADE CONSTRAINTS;

Table PORT dropped.

SQL> 
SQL> DROP TABLE port_temp CASCADE CONSTRAINTS;

Table PORT_TEMP dropped.

SQL> 
SQL> DROP TABLE ship CASCADE CONSTRAINTS;

Table SHIP dropped.

SQL> 
SQL> DROP TABLE tour CASCADE CONSTRAINTS;

Table TOUR dropped.

SQL> 
SQL> DROP TABLE tour_availability CASCADE CONSTRAINTS;

Table TOUR_AVAILABILITY dropped.

SQL> 
SQL> DROP TABLE tour_comm_language CASCADE CONSTRAINTS;

Table TOUR_COMM_LANGUAGE dropped.

SQL> 
SQL> DROP TABLE tour_passenger CASCADE CONSTRAINTS;

Table TOUR_PASSENGER dropped.

SQL> 
SQL> DROP TABLE tour_report CASCADE CONSTRAINTS;

Table TOUR_REPORT dropped.

SQL> 
SQL> -- predefined type, no DDL - MDSYS.SDO_GEOMETRY
SQL> 
SQL> -- predefined type, no DDL - XMLTYPE
SQL> 
SQL> CREATE TABLE cabin (
  2      cabin_no       CHAR(3) NOT NULL,
  3      ship_code      CHAR(6) NOT NULL,
  4      cabin_capacity NUMBER(2) NOT NULL,
  5      cabin_class    CHAR(1) NOT NULL
  6  );

Table CABIN created.

SQL> 
SQL> ALTER TABLE cabin
  2      ADD CONSTRAINT chk_cabin_class CHECK ( cabin_class IN ( 'B', 'I', 'O', 'S' ) );

Table CABIN altered.

SQL> 
SQL> COMMENT ON COLUMN cabin.cabin_no IS
  2      'Cabin Number';

Comment created.

SQL> 
SQL> COMMENT ON COLUMN cabin.ship_code IS
  2      'Ship code';

Comment created.

SQL> 
SQL> COMMENT ON COLUMN cabin.cabin_capacity IS
  2      'Cabin''s max guest capacity';

Comment created.

SQL> 
SQL> COMMENT ON COLUMN cabin.cabin_class IS
  2      'Cabin''s class- I(nterior), O(cean view), B(alcony), S(uite)';

Comment created.

SQL> 
SQL> ALTER TABLE cabin ADD CONSTRAINT cabin_pk PRIMARY KEY ( cabin_no,
  2                                                          ship_code );

Table CABIN altered.

SQL> 
SQL> CREATE TABLE country (
  2      country_code CHAR(2) NOT NULL,
  3      country_name VARCHAR2(60) NOT NULL
  4  );

Table COUNTRY created.

SQL> 
SQL> COMMENT ON COLUMN country.country_code IS
  2      'Country code in ISO 3166-1 Alpha-2 format';

Comment created.

SQL> 
SQL> COMMENT ON COLUMN country.country_name IS
  2      'Country full name';

Comment created.

SQL> 
SQL> ALTER TABLE country ADD CONSTRAINT country_pk PRIMARY KEY ( country_code );

Table COUNTRY altered.

SQL> 
SQL> CREATE TABLE cruise (
  2      cruise_id   CHAR(4) NOT NULL,
  3      cruise_name VARCHAR2(50) NOT NULL,
  4      cruise_desc VARCHAR2(200),
  5      ship_code   CHAR(6) NOT NULL
  6  );

Table CRUISE created.

SQL> 
SQL> COMMENT ON COLUMN cruise.cruise_id IS
  2      'Cruise ID';

Comment created.

SQL> 
SQL> COMMENT ON COLUMN cruise.cruise_name IS
  2      'Cruise''s name';

Comment created.

SQL> 
SQL> COMMENT ON COLUMN cruise.cruise_desc IS
  2      'Description/additional info about cruise';

Comment created.

SQL> 
SQL> COMMENT ON COLUMN cruise.ship_code IS
  2      'Ship code';

Comment created.

SQL> 
SQL> ALTER TABLE cruise ADD CONSTRAINT cruise_pk PRIMARY KEY ( cruise_id );

Table CRUISE altered.

SQL> 
SQL> CREATE TABLE cruise_port (
  2      cruise_id   CHAR(4) NOT NULL,
  3      port_code   CHAR(5) NOT NULL,
  4      cp_datetime DATE NOT NULL
  5  );

Table CRUISE_PORT created.

SQL> 
SQL> COMMENT ON COLUMN cruise_port.cruise_id IS
  2      'Cruise ID';

Comment created.

SQL> 
SQL> COMMENT ON COLUMN cruise_port.port_code IS
  2      'Port code';

Comment created.

SQL> 
SQL> COMMENT ON COLUMN cruise_port.cp_datetime IS
  2      'Cruise port depature/arrival datetime';

Comment created.

SQL> 
SQL> ALTER TABLE cruise_port ADD CONSTRAINT cruise_port_pk PRIMARY KEY ( cruise_id,
  2                                                                      port_code );

Table CRUISE_PORT altered.

SQL> 
SQL> CREATE TABLE language (
  2      language_code CHAR(2) NOT NULL,
  3      language_name VARCHAR2(20) NOT NULL
  4  );

Table LANGUAGE created.

SQL> 
SQL> COMMENT ON COLUMN language.language_code IS
  2      'The code for language  stored as ISO 639-1 Alpha-2 codes';

Comment created.

SQL> 
SQL> COMMENT ON COLUMN language.language_name IS
  2      'The language name';

Comment created.

SQL> 
SQL> ALTER TABLE language ADD CONSTRAINT language_pk PRIMARY KEY ( language_code );

Table LANGUAGE altered.

SQL> 
SQL> CREATE TABLE manifest (
  2      passenger_id      CHAR(5) NOT NULL,
  3      cruise_id         CHAR(4) NOT NULL,
  4      boarding_datetime DATE NOT NULL,
  5      cabin_no          CHAR(3) NOT NULL,
  6      ship_code         CHAR(6) NOT NULL
  7  );

Table MANIFEST created.

SQL> 
SQL> COMMENT ON COLUMN manifest.passenger_id IS
  2      'Passenger ID';

Comment created.

SQL> 
SQL> COMMENT ON COLUMN manifest.cruise_id IS
  2      'Cruise ID';

Comment created.

SQL> 
SQL> COMMENT ON COLUMN manifest.boarding_datetime IS
  2      'Passenger cruise boarding date and time';

Comment created.

SQL> 
SQL> COMMENT ON COLUMN manifest.cabin_no IS
  2      'Cabin Number';

Comment created.

SQL> 
SQL> COMMENT ON COLUMN manifest.ship_code IS
  2      'Ship code';

Comment created.

SQL> 
SQL> ALTER TABLE manifest ADD CONSTRAINT manifest_pk PRIMARY KEY ( passenger_id,
  2                                                                cruise_id );

Table MANIFEST altered.

SQL> 
SQL> CREATE TABLE operator (
  2      operator_id       CHAR(8) NOT NULL,
  3      operator_company  VARCHAR2(50) NOT NULL,
  4      operator_ceo_name VARCHAR2(50) NOT NULL
  5  );

Table OPERATOR created.

SQL> 
SQL> COMMENT ON COLUMN operator.operator_id IS
  2      'Operator ID';

Comment created.

SQL> 
SQL> COMMENT ON COLUMN operator.operator_company IS
  2      'Operator''s registered company name';

Comment created.

SQL> 
SQL> COMMENT ON COLUMN operator.operator_ceo_name IS
  2      'Operator CEO Name';

Comment created.

SQL> 
SQL> ALTER TABLE operator ADD CONSTRAINT operator_pk PRIMARY KEY ( operator_id );

Table OPERATOR altered.

SQL> 
SQL> CREATE TABLE passenger (
  2      passenger_id        CHAR(5) NOT NULL,
  3      passenger_fname     VARCHAR2(50) NOT NULL,
  4      passenger_lname     VARCHAR2(50) NOT NULL,
  5      passenger_gender    CHAR(1) NOT NULL,
  6      passenger_dob       DATE NOT NULL,
  7      passenger_lang      CHAR(2) NOT NULL,
  8      passenger_phone     VARCHAR2(15) NOT NULL,
  9      passenger_addr_code CHAR(8) NOT NULL,
 10      language_code       CHAR(2) NOT NULL,
 11      guardian_id         CHAR(5)
 12  );

Table PASSENGER created.

SQL> 
SQL> ALTER TABLE passenger
  2      ADD CONSTRAINT check_gender CHECK ( passenger_gender IN ( 'F', 'M', 'O' ) );

Table PASSENGER altered.

SQL> 
SQL> COMMENT ON COLUMN passenger.passenger_id IS
  2      'Passenger ID';

Comment created.

SQL> 
SQL> COMMENT ON COLUMN passenger.passenger_fname IS
  2      'Passenger''s first name';

Comment created.

SQL> 
SQL> COMMENT ON COLUMN passenger.passenger_lname IS
  2      'Passenger''s last name';

Comment created.

SQL> 
SQL> COMMENT ON COLUMN passenger.passenger_gender IS
  2      'Passenger''s gender - F(emale)/M(ale)/O(ther)';

Comment created.

SQL> 
SQL> COMMENT ON COLUMN passenger.passenger_dob IS
  2      'Passenger''s date of birth';

Comment created.

SQL> 
SQL> COMMENT ON COLUMN passenger.passenger_lang IS
  2      'Passenger Primary Language';

Comment created.

SQL> 
SQL> COMMENT ON COLUMN passenger.passenger_phone IS
  2      'Passenger phone number including country code prefix - 15 digits max';

Comment created.

SQL> 
SQL> COMMENT ON COLUMN passenger.passenger_addr_code IS
  2      'surrogate key for passenger''s address';

Comment created.

SQL> 
SQL> COMMENT ON COLUMN passenger.language_code IS
  2      'The code for language  stored as ISO 639-1 Alpha-2 codes';

Comment created.

SQL> 
SQL> COMMENT ON COLUMN passenger.guardian_id IS
  2      'Passenger ID';

Comment created.

SQL> 
SQL> ALTER TABLE passenger ADD CONSTRAINT passenger_pk PRIMARY KEY ( passenger_id );

Table PASSENGER altered.

SQL> 
SQL> CREATE TABLE passenger_addr (
  2      passenger_addr_code     CHAR(8) NOT NULL,
  3      passenger_addr_street   VARCHAR2(100) NOT NULL,
  4      passenger_addr_town     VARCHAR2(50) NOT NULL,
  5      passenger_addr_postcode VARCHAR2(10) NOT NULL,
  6      country_code            CHAR(2) NOT NULL
  7  );

Table PASSENGER_ADDR created.

SQL> 
SQL> COMMENT ON COLUMN passenger_addr.passenger_addr_code IS
  2      'surrogate key for passenger''s address';

Comment created.

SQL> 
SQL> COMMENT ON COLUMN passenger_addr.passenger_addr_street IS
  2      'Passenger''s address street';

Comment created.

SQL> 
SQL> COMMENT ON COLUMN passenger_addr.passenger_addr_town IS
  2      'Passenger''s address town';

Comment created.

SQL> 
SQL> COMMENT ON COLUMN passenger_addr.passenger_addr_postcode IS
  2      'Passenger''s address postcode';

Comment created.

SQL> 
SQL> COMMENT ON COLUMN passenger_addr.country_code IS
  2      'Country code in ISO 3166-1 Alpha-2 format';

Comment created.

SQL> 
SQL> ALTER TABLE passenger_addr ADD CONSTRAINT passenger_addr_pk PRIMARY KEY ( passenger_addr_code );

Table PASSENGER_ADDR altered.

SQL> 
SQL> ALTER TABLE passenger_addr
  2      ADD CONSTRAINT passenger_addr_nk UNIQUE ( passenger_addr_street,
  3                                                passenger_addr_town,
  4                                                passenger_addr_postcode,
  5                                                country_code );

Table PASSENGER_ADDR altered.

SQL> 
SQL> CREATE TABLE port (
  2      port_code       CHAR(5) NOT NULL,
  3      port_name       VARCHAR2(50) NOT NULL,
  4      port_population NUMBER(10) NOT NULL,
  5      port_longitude  NUMBER(10, 7) NOT NULL,
  6      port_latitude   NUMBER(10, 7) NOT NULL,
  7      country_code    CHAR(2) NOT NULL
  8  );

Table PORT created.

SQL> 
SQL> COMMENT ON COLUMN port.port_code IS
  2      'Port code';

Comment created.

SQL> 
SQL> COMMENT ON COLUMN port.port_name IS
  2      'Port''s name';

Comment created.

SQL> 
SQL> COMMENT ON COLUMN port.port_population IS
  2      'Port population';

Comment created.

SQL> 
SQL> COMMENT ON COLUMN port.port_longitude IS
  2      'Port longitude';

Comment created.

SQL> 
SQL> COMMENT ON COLUMN port.port_latitude IS
  2      'Port latitude';

Comment created.

SQL> 
SQL> COMMENT ON COLUMN port.country_code IS
  2      'Country code in ISO 3166-1 Alpha-2 format';

Comment created.

SQL> 
SQL> ALTER TABLE port ADD CONSTRAINT port_pk PRIMARY KEY ( port_code );

Table PORT altered.

SQL> 
SQL> CREATE TABLE port_temp (
  2      port_code     CHAR(5) NOT NULL,
  3      temp_month    CHAR(3) NOT NULL,
  4      temp_avg_high NUMBER(2),
  5      temp_avg_low  NUMBER(2)
  6  );

Table PORT_TEMP created.

SQL> 
SQL> ALTER TABLE port_temp
  2      ADD CONSTRAINT chk_month CHECK ( temp_month IN ( 'APR', 'AUG', 'DEC', 'FEB', 'JAN',
  3                                                       'JUL', 'JUN', 'MAR', 'MAY', 'NOV',
  4                                                       'OCT', 'SEP' ) );

Table PORT_TEMP altered.

SQL> 
SQL> COMMENT ON COLUMN port_temp.port_code IS
  2      'Port code';

Comment created.

SQL> 
SQL> COMMENT ON COLUMN port_temp.temp_month IS
  2      'The time month for temperature at port';

Comment created.

SQL> 
SQL> COMMENT ON COLUMN port_temp.temp_avg_high IS
  2      'average high temperature of a month';

Comment created.

SQL> 
SQL> COMMENT ON COLUMN port_temp.temp_avg_low IS
  2      'average low temperature for a month';

Comment created.

SQL> 
SQL> ALTER TABLE port_temp ADD CONSTRAINT port_temp_pk PRIMARY KEY ( temp_month,
  2                                                                  port_code );

Table PORT_TEMP altered.

SQL> 
SQL> CREATE TABLE ship (
  2      ship_code     CHAR(6) NOT NULL,
  3      ship_name     VARCHAR2(50) NOT NULL,
  4      ship_date     DATE NOT NULL,
  5      ship_tonnage  NUMBER(6) NOT NULL,
  6      ship_capacity NUMBER(5) NOT NULL,
  7      country_code  CHAR(2) NOT NULL,
  8      operator_id   CHAR(8) NOT NULL
  9  );

Table SHIP created.

SQL> 
SQL> COMMENT ON COLUMN ship.ship_code IS
  2      'Ship code';

Comment created.

SQL> 
SQL> COMMENT ON COLUMN ship.ship_name IS
  2      'Ship''s name';

Comment created.

SQL> 
SQL> COMMENT ON COLUMN ship.ship_date IS
  2      'Date when ship was commissioned';

Comment created.

SQL> 
SQL> COMMENT ON COLUMN ship.ship_tonnage IS
  2      'Ship''s tonnage';

Comment created.

SQL> 
SQL> COMMENT ON COLUMN ship.ship_capacity IS
  2      'Ship''s maximum guest capacity';

Comment created.

SQL> 
SQL> COMMENT ON COLUMN ship.country_code IS
  2      'Country code in ISO 3166-1 Alpha-2 format';

Comment created.

SQL> 
SQL> COMMENT ON COLUMN ship.operator_id IS
  2      'Operator ID';

Comment created.

SQL> 
SQL> ALTER TABLE ship ADD CONSTRAINT ship_pk PRIMARY KEY ( ship_code );

Table SHIP altered.

SQL> 
SQL> CREATE TABLE tour (
  2      port_code          CHAR(5) NOT NULL,
  3      tour_no            CHAR(2) NOT NULL,
  4      tour_name          VARCHAR2(100) NOT NULL,
  5      tour_desc          VARCHAR2(200) NOT NULL,
  6      tour_hours         NUMBER(3, 1) NOT NULL,
  7      tour_cost          NUMBER(4) NOT NULL,
  8      tour_wheel_chair   CHAR(1) NOT NULL,
  9      tour_start_time    DATE NOT NULL,
 10      tour_avaibility_id CHAR(3) NOT NULL
 11  );

Table TOUR created.

SQL> 
SQL> ALTER TABLE tour
  2      ADD CONSTRAINT chk_wheelchairaccess CHECK ( tour_wheel_chair IN ( 'N', 'Y' ) );

Table TOUR altered.

SQL> 
SQL> COMMENT ON COLUMN tour.port_code IS
  2      'Port code';

Comment created.

SQL> 
SQL> COMMENT ON COLUMN tour.tour_no IS
  2      'Tour number';

Comment created.

SQL> 
SQL> COMMENT ON COLUMN tour.tour_name IS
  2      'Tour Name';

Comment created.

SQL> 
SQL> COMMENT ON COLUMN tour.tour_desc IS
  2      'The description of this particular tour on this particular port';

Comment created.

SQL> 
SQL> COMMENT ON COLUMN tour.tour_hours IS
  2      'total tour hours required';

Comment created.

SQL> 
SQL> COMMENT ON COLUMN tour.tour_cost IS
  2      'the total cost of tour per person';

Comment created.

SQL> 
SQL> COMMENT ON COLUMN tour.tour_wheel_chair IS
  2      'wheel chair access on this tour - Y/N for Yes/No';

Comment created.

SQL> 
SQL> COMMENT ON COLUMN tour.tour_start_time IS
  2      'Tour start time';

Comment created.

SQL> 
SQL> COMMENT ON COLUMN tour.tour_avaibility_id IS
  2      'Tour Availability unique ID';

Comment created.

SQL> 
SQL> ALTER TABLE tour ADD CONSTRAINT tour_pk PRIMARY KEY ( tour_no,
  2                                                        port_code );

Table TOUR altered.

SQL> 
SQL> CREATE TABLE tour_availability (
  2      tour_avaibility_id       CHAR(3) NOT NULL,
  3      tour_avaibility_schedule VARCHAR2(100) NOT NULL
  4  );

Table TOUR_AVAILABILITY created.

SQL> 
SQL> COMMENT ON COLUMN tour_availability.tour_avaibility_id IS
  2      'Tour Availability unique ID';

Comment created.

SQL> 
SQL> COMMENT ON COLUMN tour_availability.tour_avaibility_schedule IS
  2      'Tour schedule (e.g Monday, Tuesday, ..., Weekdays, Weekends)';

Comment created.

SQL> 
SQL> ALTER TABLE tour_availability ADD CONSTRAINT tour_availability_pk PRIMARY KEY ( tour_avaibility_id );

Table TOUR_AVAILABILITY altered.

SQL> 
SQL> CREATE TABLE tour_comm_language (
  2      tour_no       CHAR(2) NOT NULL,
  3      port_code     CHAR(5) NOT NULL,
  4      language_code CHAR(2) NOT NULL
  5  );

Table TOUR_COMM_LANGUAGE created.

SQL> 
SQL> COMMENT ON COLUMN tour_comm_language.tour_no IS
  2      'Tour number';

Comment created.

SQL> 
SQL> COMMENT ON COLUMN tour_comm_language.port_code IS
  2      'Port code';

Comment created.

SQL> 
SQL> COMMENT ON COLUMN tour_comm_language.language_code IS
  2      'The code for language  stored as ISO 639-1 Alpha-2 codes';

Comment created.

SQL> 
SQL> ALTER TABLE tour_comm_language
  2      ADD CONSTRAINT tour_comm_language_pk PRIMARY KEY ( tour_no,
  3                                                         port_code,
  4                                                         language_code );

Table TOUR_COMM_LANGUAGE altered.

SQL> 
SQL> CREATE TABLE tour_passenger (
  2      tour_report_id   CHAR(4) NOT NULL,
  3      passenger_id     CHAR(5) NOT NULL,
  4      payment_received CHAR(1) NOT NULL,
  5      cruise_id        CHAR(4) NOT NULL
  6  );

Table TOUR_PASSENGER created.

SQL> 
SQL> ALTER TABLE tour_passenger
  2      ADD CONSTRAINT chk_paymentreceived CHECK ( payment_received IN ( 'N', 'Y' ) );

Table TOUR_PASSENGER altered.

SQL> 
SQL> COMMENT ON COLUMN tour_passenger.tour_report_id IS
  2      'surrogate key for tour report key';

Comment created.

SQL> 
SQL> COMMENT ON COLUMN tour_passenger.passenger_id IS
  2      'Passenger ID';

Comment created.

SQL> 
SQL> COMMENT ON COLUMN tour_passenger.payment_received IS
  2      'Payment received? Y/N for YES/NO ';

Comment created.

SQL> 
SQL> COMMENT ON COLUMN tour_passenger.cruise_id IS
  2      'Cruise ID';

Comment created.

SQL> 
SQL> ALTER TABLE tour_passenger ADD CONSTRAINT tour_passenger_pk PRIMARY KEY ( passenger_id,
  2                                                                            tour_report_id );

Table TOUR_PASSENGER altered.

SQL> 
SQL> CREATE TABLE tour_report (
  2      tour_report_id CHAR(4) NOT NULL,
  3      port_code      CHAR(5) NOT NULL,
  4      tour_no        CHAR(2) NOT NULL,
  5      tour_date      DATE NOT NULL
  6  );

Table TOUR_REPORT created.

SQL> 
SQL> COMMENT ON COLUMN tour_report.tour_report_id IS
  2      'surrogate key for tour report key';

Comment created.

SQL> 
SQL> COMMENT ON COLUMN tour_report.port_code IS
  2      'Port code';

Comment created.

SQL> 
SQL> COMMENT ON COLUMN tour_report.tour_no IS
  2      'Tour number';

Comment created.

SQL> 
SQL> COMMENT ON COLUMN tour_report.tour_date IS
  2      'the date when tour starts';

Comment created.

SQL> 
SQL> ALTER TABLE tour_report ADD CONSTRAINT tour_report_pk PRIMARY KEY ( tour_report_id );

Table TOUR_REPORT altered.

SQL> 
SQL> ALTER TABLE tour_report
  2      ADD CONSTRAINT tour_report_nk UNIQUE ( tour_date,
  3                                             tour_no,
  4                                             port_code );

Table TOUR_REPORT altered.

SQL> 
SQL> ALTER TABLE manifest
  2      ADD CONSTRAINT cabin_manifest FOREIGN KEY ( cabin_no,
  3                                                  ship_code )
  4          REFERENCES cabin ( cabin_no,
  5                             ship_code );

Table MANIFEST altered.

SQL> 
SQL> ALTER TABLE passenger_addr
  2      ADD CONSTRAINT country_passengeraddr FOREIGN KEY ( country_code )
  3          REFERENCES country ( country_code );

Table PASSENGER_ADDR altered.

SQL> 
SQL> ALTER TABLE port
  2      ADD CONSTRAINT country_port FOREIGN KEY ( country_code )
  3          REFERENCES country ( country_code );

Table PORT altered.

SQL> 
SQL> ALTER TABLE ship
  2      ADD CONSTRAINT country_ship FOREIGN KEY ( country_code )
  3          REFERENCES country ( country_code );

Table SHIP altered.

SQL> 
SQL> ALTER TABLE cruise_port
  2      ADD CONSTRAINT cruise_cruiseport FOREIGN KEY ( cruise_id )
  3          REFERENCES cruise ( cruise_id );

Table CRUISE_PORT altered.

SQL> 
SQL> ALTER TABLE manifest
  2      ADD CONSTRAINT cruise_manifest FOREIGN KEY ( cruise_id )
  3          REFERENCES cruise ( cruise_id );

Table MANIFEST altered.

SQL> 
SQL> ALTER TABLE tour_passenger
  2      ADD CONSTRAINT cruise_tourpassenger FOREIGN KEY ( cruise_id )
  3          REFERENCES cruise ( cruise_id );

Table TOUR_PASSENGER altered.

SQL> 
SQL> ALTER TABLE passenger
  2      ADD CONSTRAINT guardian_ward FOREIGN KEY ( guardian_id )
  3          REFERENCES passenger ( passenger_id );

Table PASSENGER altered.

SQL> 
SQL> ALTER TABLE passenger
  2      ADD CONSTRAINT language_passenger FOREIGN KEY ( language_code )
  3          REFERENCES language ( language_code );

Table PASSENGER altered.

SQL> 
SQL> ALTER TABLE tour_comm_language
  2      ADD CONSTRAINT language_tourcommlanguage FOREIGN KEY ( language_code )
  3          REFERENCES language ( language_code );

Table TOUR_COMM_LANGUAGE altered.

SQL> 
SQL> ALTER TABLE ship
  2      ADD CONSTRAINT operator_ship FOREIGN KEY ( operator_id )
  3          REFERENCES operator ( operator_id );

Table SHIP altered.

SQL> 
SQL> ALTER TABLE manifest
  2      ADD CONSTRAINT passenger_manifest FOREIGN KEY ( passenger_id )
  3          REFERENCES passenger ( passenger_id );

Table MANIFEST altered.

SQL> 
SQL> ALTER TABLE tour_passenger
  2      ADD CONSTRAINT passenger_tourpassenger FOREIGN KEY ( passenger_id )
  3          REFERENCES passenger ( passenger_id );

Table TOUR_PASSENGER altered.

SQL> 
SQL> ALTER TABLE passenger
  2      ADD CONSTRAINT passengeraddress_passenger FOREIGN KEY ( passenger_addr_code )
  3          REFERENCES passenger_addr ( passenger_addr_code );

Table PASSENGER altered.

SQL> 
SQL> ALTER TABLE cruise_port
  2      ADD CONSTRAINT port_cruiseport FOREIGN KEY ( port_code )
  3          REFERENCES port ( port_code );

Table CRUISE_PORT altered.

SQL> 
SQL> ALTER TABLE port_temp
  2      ADD CONSTRAINT port_porttemp FOREIGN KEY ( port_code )
  3          REFERENCES port ( port_code );

Table PORT_TEMP altered.

SQL> 
SQL> ALTER TABLE tour
  2      ADD CONSTRAINT port_tour FOREIGN KEY ( port_code )
  3          REFERENCES port ( port_code );

Table TOUR altered.

SQL> 
SQL> ALTER TABLE cabin
  2      ADD CONSTRAINT ship_cabin FOREIGN KEY ( ship_code )
  3          REFERENCES ship ( ship_code );

Table CABIN altered.

SQL> 
SQL> ALTER TABLE cruise
  2      ADD CONSTRAINT ship_cruise FOREIGN KEY ( ship_code )
  3          REFERENCES ship ( ship_code );

Table CRUISE altered.

SQL> 
SQL> ALTER TABLE tour_comm_language
  2      ADD CONSTRAINT tour_tourcommlanguage FOREIGN KEY ( tour_no,
  3                                                         port_code )
  4          REFERENCES tour ( tour_no,
  5                            port_code );

Table TOUR_COMM_LANGUAGE altered.

SQL> 
SQL> ALTER TABLE tour_report
  2      ADD CONSTRAINT tour_tourreport FOREIGN KEY ( tour_no,
  3                                                   port_code )
  4          REFERENCES tour ( tour_no,
  5                            port_code );

Table TOUR_REPORT altered.

SQL> 
SQL> ALTER TABLE tour
  2      ADD CONSTRAINT touravailability_tour FOREIGN KEY ( tour_avaibility_id )
  3          REFERENCES tour_availability ( tour_avaibility_id );

Table TOUR altered.

SQL> 
SQL> ALTER TABLE tour_passenger
  2      ADD CONSTRAINT tourreport_tourpassenger FOREIGN KEY ( tour_report_id )
  3          REFERENCES tour_report ( tour_report_id );

Table TOUR_PASSENGER altered.

SQL> 
SQL> 
SQL> 
SQL> -- Oracle SQL Developer Data Modeler Summary Report: 
SQL> -- 
SQL> -- CREATE TABLE                            17
SQL> -- CREATE INDEX                             0
SQL> -- ALTER TABLE                             47
SQL> -- CREATE VIEW                              0
SQL> -- ALTER VIEW                               0
SQL> -- CREATE PACKAGE                           0
SQL> -- CREATE PACKAGE BODY                      0
SQL> -- CREATE PROCEDURE                         0
SQL> -- CREATE FUNCTION                          0
SQL> -- CREATE TRIGGER                           0
SQL> -- ALTER TRIGGER                            0
SQL> -- CREATE COLLECTION TYPE                   0
SQL> -- CREATE STRUCTURED TYPE                   0
SQL> -- CREATE STRUCTURED TYPE BODY              0
SQL> -- CREATE CLUSTER                           0
SQL> -- CREATE CONTEXT                           0
SQL> -- CREATE DATABASE                          0
SQL> -- CREATE DIMENSION                         0
SQL> -- CREATE DIRECTORY                         0
SQL> -- CREATE DISK GROUP                        0
SQL> -- CREATE ROLE                              0
SQL> -- CREATE ROLLBACK SEGMENT                  0
SQL> -- CREATE SEQUENCE                          0
SQL> -- CREATE MATERIALIZED VIEW                 0
SQL> -- CREATE MATERIALIZED VIEW LOG             0
SQL> -- CREATE SYNONYM                           0
SQL> -- CREATE TABLESPACE                        0
SQL> -- CREATE USER                              0
SQL> -- 
SQL> -- DROP TABLESPACE                          0
SQL> -- DROP DATABASE                            0
SQL> -- 
SQL> -- REDACTION POLICY                         0
SQL> -- TSDP POLICY                              0
SQL> -- 
SQL> -- ORDS DROP SCHEMA                         0
SQL> -- ORDS ENABLE SCHEMA                       0
SQL> -- ORDS ENABLE OBJECT                       0
SQL> -- 
SQL> -- ERRORS                                   0
SQL> -- WARNINGS                                 0
SQL> 
SQL> SPOOL off
